[0.008s][warning][gc] -XX:+PrintGCDetails is deprecated. Will use -Xlog:gc* instead.
[0.015s][info   ][gc,init] Initializing The Z Garbage Collector
[0.015s][info   ][gc,init] Version: 23-internal-adhoc.root.jdk (release)
[0.015s][info   ][gc,init] NUMA Support: Disabled
[0.015s][info   ][gc,init] CPUs: 8 total, 8 available
[0.015s][info   ][gc,init] Memory: 16384M
[0.015s][info   ][gc,init] Large Page Support: Disabled
[0.015s][info   ][gc,init] Address Space Type: Contiguous/Unrestricted/Complete
[0.015s][info   ][gc,init] Address Space Size: 4000M
[0.015s][info   ][gc,init] Min Capacity: 8M
[0.015s][info   ][gc,init] Initial Capacity: 250M
[0.015s][info   ][gc,init] Max Capacity: 250M
[0.015s][info   ][gc,init] Soft Max Capacity: 250M
[0.015s][info   ][gc,init] Medium Page Size: 4M
[0.015s][info   ][gc,init] Pre-touch: Disabled
[0.015s][info   ][gc,init] Uncommit: Enabled
[0.015s][info   ][gc,init] Uncommit Delay: 300s
[0.015s][info   ][gc,init] GC Workers for Old Generation: 2 (dynamic)
[0.015s][info   ][gc,init] GC Workers for Young Generation: 2 (dynamic)
[0.016s][info   ][gc,init] GC Workers Max: 2 (dynamic)
[0.016s][info   ][gc,init] Runtime Workers: 2
[0.016s][info   ][gc     ] Using The Z Garbage Collector
[0.050s][info   ][gc,metaspace] CDS archive(s) mapped at: [0x0000380000000000-0x0000380000db4000-0x0000380000db4000), size 14368768, SharedBaseAddress: 0x0000380000000000, ArchiveRelocationMode: 1.
[0.050s][info   ][gc,metaspace] Compressed class space mapped at: 0x0000380001000000-0x0000380041000000, reserved size: 1073741824
[0.050s][info   ][gc,metaspace] Narrow klass base: 0x0000380000000000, Narrow klass shift: 0, Narrow klass range: 0x100000000
[0.119s][info   ][gc,exit     ] Stopping ZGC
[0.119s][info   ][gc,stats    ] === Garbage Collection Statistics =======================================================================================================================
[0.119s][info   ][gc,stats    ]                                                              Last 10s              Last 10m              Last 10h                Total
[0.119s][info   ][gc,stats    ]                                                              Avg / Max             Avg / Max             Avg / Max             Avg / Max
[0.119s][info   ][gc,stats    ]        Contention: Mark Segment Reset Contention                     0 / 0                 0 / 0                 0 / 0                 0 / 0           ops/s
[0.119s][info   ][gc,stats    ]        Contention: Mark SeqNum Reset Contention                      0 / 0                 0 / 0                 0 / 0                 0 / 0           ops/s
[0.119s][info   ][gc,stats    ]          Critical: Allocation Stall                                  0 / 0                 0 / 0                 0 / 0                 0 / 0           ops/s
[0.119s][info   ][gc,stats    ]          Critical: Allocation Stall                              0.000 / 0.000         0.000 / 0.000         0.000 / 0.000         0.000 / 0.000       ms
[0.119s][info   ][gc,stats    ]          Critical: JNI Critical Stall                                0 / 0                 0 / 0                 0 / 0                 0 / 0           ops/s
[0.119s][info   ][gc,stats    ]          Critical: JNI Critical Stall                            0.000 / 0.000         0.000 / 0.000         0.000 / 0.000         0.000 / 0.000       ms
[0.119s][info   ][gc,stats    ]          Critical: Relocation Stall                                  0 / 0                 0 / 0                 0 / 0                 0 / 0           ops/s
[0.119s][info   ][gc,stats    ]          Critical: Relocation Stall                              0.000 / 0.000         0.000 / 0.000         0.000 / 0.000         0.000 / 0.000       ms
[0.119s][info   ][gc,stats    ]  Major Collection: Major Collection                              0.000 / 0.000         0.000 / 0.000         0.000 / 0.000         0.000 / 0.000       ms
[0.119s][info   ][gc,stats    ]            Memory: Allocation Rate                                   0 / 0                 0 / 0                 0 / 0                 0 / 0           MB/s
[0.119s][info   ][gc,stats    ]            Memory: Defragment                                        0 / 0                 0 / 0                 0 / 0                 0 / 0           ops/s
[0.119s][info   ][gc,stats    ]            Memory: Out Of Memory                                     0 / 0                 0 / 0                 0 / 0                 0 / 0           ops/s
[0.119s][info   ][gc,stats    ]            Memory: Page Cache Flush                                  0 / 0                 0 / 0                 0 / 0                 0 / 0           MB/s
[0.119s][info   ][gc,stats    ]            Memory: Page Cache Hit L1                                 0 / 0                 0 / 0                 0 / 0                 0 / 0           ops/s
[0.119s][info   ][gc,stats    ]            Memory: Page Cache Hit L2                                 0 / 0                 0 / 0                 0 / 0                 0 / 0           ops/s
[0.119s][info   ][gc,stats    ]            Memory: Page Cache Hit L3                                 0 / 0                 0 / 0                 0 / 0                 0 / 0           ops/s
[0.119s][info   ][gc,stats    ]            Memory: Page Cache Miss                                   0 / 0                 0 / 0                 0 / 0                 0 / 0           ops/s
[0.119s][info   ][gc,stats    ]            Memory: Uncommit                                          0 / 0                 0 / 0                 0 / 0                 0 / 0           MB/s
[0.119s][info   ][gc,stats    ]            Memory: Undo Object Allocation Failed                     0 / 0                 0 / 0                 0 / 0                 0 / 0           ops/s
[0.119s][info   ][gc,stats    ]            Memory: Undo Object Allocation Succeeded                  0 / 0                 0 / 0                 0 / 0                 0 / 0           ops/s
[0.119s][info   ][gc,stats    ]            Memory: Undo Page Allocation                              0 / 0                 0 / 0                 0 / 0                 0 / 0           ops/s
[0.119s][info   ][gc,stats    ]  Minor Collection: Minor Collection                              0.000 / 0.000         0.000 / 0.000         0.000 / 0.000         0.000 / 0.000       ms
[0.119s][info   ][gc,stats    ]    Old Generation: Old Generation                                0.000 / 0.000         0.000 / 0.000         0.000 / 0.000         0.000 / 0.000       ms
[0.119s][info   ][gc,stats    ]         Old Pause: Pause Mark End                                0.000 / 0.000         0.000 / 0.000         0.000 / 0.000         0.000 / 0.000       ms
[0.119s][info   ][gc,stats    ]         Old Pause: Pause Relocate Start                          0.000 / 0.000         0.000 / 0.000         0.000 / 0.000         0.000 / 0.000       ms
[0.119s][info   ][gc,stats    ]         Old Phase: Concurrent Mark                               0.000 / 0.000         0.000 / 0.000         0.000 / 0.000         0.000 / 0.000       ms
[0.119s][info   ][gc,stats    ]         Old Phase: Concurrent Mark Continue                      0.000 / 0.000         0.000 / 0.000         0.000 / 0.000         0.000 / 0.000       ms
[0.119s][info   ][gc,stats    ]         Old Phase: Concurrent Mark Free                          0.000 / 0.000         0.000 / 0.000         0.000 / 0.000         0.000 / 0.000       ms
[0.119s][info   ][gc,stats    ]         Old Phase: Concurrent Process Non-Strong                 0.000 / 0.000         0.000 / 0.000         0.000 / 0.000         0.000 / 0.000       ms
[0.119s][info   ][gc,stats    ]         Old Phase: Concurrent Relocate                           0.000 / 0.000         0.000 / 0.000         0.000 / 0.000         0.000 / 0.000       ms
[0.119s][info   ][gc,stats    ]         Old Phase: Concurrent Remap Roots                        0.000 / 0.000         0.000 / 0.000         0.000 / 0.000         0.000 / 0.000       ms
[0.119s][info   ][gc,stats    ]         Old Phase: Concurrent Reset Relocation Set               0.000 / 0.000         0.000 / 0.000         0.000 / 0.000         0.000 / 0.000       ms
[0.119s][info   ][gc,stats    ]         Old Phase: Concurrent Select Relocation Set              0.000 / 0.000         0.000 / 0.000         0.000 / 0.000         0.000 / 0.000       ms
[0.119s][info   ][gc,stats    ]      Old Subphase: Concurrent Classes Purge                      0.000 / 0.000         0.000 / 0.000         0.000 / 0.000         0.000 / 0.000       ms
[0.119s][info   ][gc,stats    ]      Old Subphase: Concurrent Classes Unlink                     0.000 / 0.000         0.000 / 0.000         0.000 / 0.000         0.000 / 0.000       ms
[0.119s][info   ][gc,stats    ]      Old Subphase: Concurrent Mark Follow                        0.000 / 0.000         0.000 / 0.000         0.000 / 0.000         0.000 / 0.000       ms
[0.119s][info   ][gc,stats    ]      Old Subphase: Concurrent Mark Root Colored                  0.000 / 0.000         0.000 / 0.000         0.000 / 0.000         0.000 / 0.000       ms
[0.119s][info   ][gc,stats    ]      Old Subphase: Concurrent Mark Root Uncolored                0.000 / 0.000         0.000 / 0.000         0.000 / 0.000         0.000 / 0.000       ms
[0.119s][info   ][gc,stats    ]      Old Subphase: Concurrent Mark Roots                         0.000 / 0.000         0.000 / 0.000         0.000 / 0.000         0.000 / 0.000       ms
[0.119s][info   ][gc,stats    ]      Old Subphase: Concurrent References Enqueue                 0.000 / 0.000         0.000 / 0.000         0.000 / 0.000         0.000 / 0.000       ms
[0.119s][info   ][gc,stats    ]      Old Subphase: Concurrent References Process                 0.000 / 0.000         0.000 / 0.000         0.000 / 0.000         0.000 / 0.000       ms
[0.119s][info   ][gc,stats    ]      Old Subphase: Concurrent Remap Remembered                   0.000 / 0.000         0.000 / 0.000         0.000 / 0.000         0.000 / 0.000       ms
[0.119s][info   ][gc,stats    ]      Old Subphase: Concurrent Remap Roots Colored                0.000 / 0.000         0.000 / 0.000         0.000 / 0.000         0.000 / 0.000       ms
[0.119s][info   ][gc,stats    ]      Old Subphase: Concurrent Remap Roots Uncolored              0.000 / 0.000         0.000 / 0.000         0.000 / 0.000         0.000 / 0.000       ms
[0.120s][info   ][gc,stats    ]      Old Subphase: Concurrent Roots ClassLoaderDataGraph         0.000 / 0.000         0.000 / 0.000         0.000 / 0.000         0.000 / 0.000       ms
[0.120s][info   ][gc,stats    ]      Old Subphase: Concurrent Roots CodeCache                    0.000 / 0.000         0.000 / 0.000         0.000 / 0.000         0.000 / 0.000       ms
[0.120s][info   ][gc,stats    ]      Old Subphase: Concurrent Roots JavaThreads                  0.000 / 0.000         0.000 / 0.000         0.000 / 0.000         0.000 / 0.000       ms
[0.120s][info   ][gc,stats    ]      Old Subphase: Concurrent Roots OopStorageSet                0.000 / 0.000         0.000 / 0.000         0.000 / 0.000         0.000 / 0.000       ms
[0.120s][info   ][gc,stats    ]      Old Subphase: Concurrent Weak Roots OopStorageSet           0.000 / 0.000         0.000 / 0.000         0.000 / 0.000         0.000 / 0.000       ms
[0.120s][info   ][gc,stats    ]            System: Java Threads                                      0 / 0                 0 / 0                 0 / 0                 0 / 0           threads
[0.120s][info   ][gc,stats    ]  Young Generation: Young Generation                              0.000 / 0.000         0.000 / 0.000         0.000 / 0.000         0.000 / 0.000       ms
[0.120s][info   ][gc,stats    ]  Young Generation: Young Generation                              0.000 / 0.000         0.000 / 0.000         0.000 / 0.000         0.000 / 0.000       ms
[0.120s][info   ][gc,stats    ]  Young Generation: Young Generation (Collect Roots)              0.000 / 0.000         0.000 / 0.000         0.000 / 0.000         0.000 / 0.000       ms
[0.120s][info   ][gc,stats    ]  Young Generation: Young Generation (Promote All)                0.000 / 0.000         0.000 / 0.000         0.000 / 0.000         0.000 / 0.000       ms
[0.120s][info   ][gc,stats    ]       Young Pause: Pause Mark End                                0.000 / 0.000         0.000 / 0.000         0.000 / 0.000         0.000 / 0.000       ms
[0.120s][info   ][gc,stats    ]       Young Pause: Pause Mark Start                              0.000 / 0.000         0.000 / 0.000         0.000 / 0.000         0.000 / 0.000       ms
[0.120s][info   ][gc,stats    ]       Young Pause: Pause Mark Start (Major)                      0.000 / 0.000         0.000 / 0.000         0.000 / 0.000         0.000 / 0.000       ms
[0.120s][info   ][gc,stats    ]       Young Pause: Pause Relocate Start                          0.000 / 0.000         0.000 / 0.000         0.000 / 0.000         0.000 / 0.000       ms
[0.120s][info   ][gc,stats    ]       Young Phase: Concurrent Mark                               0.000 / 0.000         0.000 / 0.000         0.000 / 0.000         0.000 / 0.000       ms
[0.120s][info   ][gc,stats    ]       Young Phase: Concurrent Mark Continue                      0.000 / 0.000         0.000 / 0.000         0.000 / 0.000         0.000 / 0.000       ms
[0.120s][info   ][gc,stats    ]       Young Phase: Concurrent Mark Free                          0.000 / 0.000         0.000 / 0.000         0.000 / 0.000         0.000 / 0.000       ms
[0.120s][info   ][gc,stats    ]       Young Phase: Concurrent Relocate                           0.000 / 0.000         0.000 / 0.000         0.000 / 0.000         0.000 / 0.000       ms
[0.120s][info   ][gc,stats    ]       Young Phase: Concurrent Reset Relocation Set               0.000 / 0.000         0.000 / 0.000         0.000 / 0.000         0.000 / 0.000       ms
[0.120s][info   ][gc,stats    ]       Young Phase: Concurrent Select Relocation Set              0.000 / 0.000         0.000 / 0.000         0.000 / 0.000         0.000 / 0.000       ms
[0.120s][info   ][gc,stats    ]    Young Subphase: Concurrent Mark Follow                        0.000 / 0.000         0.000 / 0.000         0.000 / 0.000         0.000 / 0.000       ms
[0.120s][info   ][gc,stats    ]    Young Subphase: Concurrent Mark Root Colored                  0.000 / 0.000         0.000 / 0.000         0.000 / 0.000         0.000 / 0.000       ms
[0.120s][info   ][gc,stats    ]    Young Subphase: Concurrent Mark Root Uncolored                0.000 / 0.000         0.000 / 0.000         0.000 / 0.000         0.000 / 0.000       ms
[0.120s][info   ][gc,stats    ]    Young Subphase: Concurrent Mark Roots                         0.000 / 0.000         0.000 / 0.000         0.000 / 0.000         0.000 / 0.000       ms
[0.120s][info   ][gc,stats    ]    Young Subphase: Concurrent Relocate Remset FP                 0.000 / 0.000         0.000 / 0.000         0.000 / 0.000         0.000 / 0.000       ms
[0.120s][info   ][gc,stats    ]    Young Subphase: Concurrent Roots ClassLoaderDataGraph         0.000 / 0.000         0.000 / 0.000         0.000 / 0.000         0.000 / 0.000       ms
[0.120s][info   ][gc,stats    ]    Young Subphase: Concurrent Roots CodeCache                    0.000 / 0.000         0.000 / 0.000         0.000 / 0.000         0.000 / 0.000       ms
[0.120s][info   ][gc,stats    ]    Young Subphase: Concurrent Roots JavaThreads                  0.000 / 0.000         0.000 / 0.000         0.000 / 0.000         0.000 / 0.000       ms
[0.120s][info   ][gc,stats    ]    Young Subphase: Concurrent Roots OopStorageSet                0.000 / 0.000         0.000 / 0.000         0.000 / 0.000         0.000 / 0.000       ms
[0.120s][info   ][gc,stats    ]    Young Subphase: Concurrent Weak Roots OopStorageSet           0.000 / 0.000         0.000 / 0.000         0.000 / 0.000         0.000 / 0.000       ms
[0.120s][info   ][gc,stats    ] =========================================================================================================================================================
[0.120s][info   ][gc,heap,exit] Heap
[0.120s][info   ][gc,heap,exit]  ZHeap           used 4M, capacity 250M, max capacity 250M
[0.120s][info   ][gc,heap,exit]  Metaspace       used 574K, committed 768K, reserved 1114112K
[0.120s][info   ][gc,heap,exit]   class space    used 53K, committed 128K, reserved 1048576K
